2026-05-05 17:30:51,371 - INFO - Pipeline started
2026-05-05 17:30:51,371 - INFO - Start reading data
2026-05-05 17:31:38,804 - INFO - Pipeline started
2026-05-05 17:31:38,804 - INFO - Start reading data
2026-05-05 17:31:58,589 - INFO - Pipeline started
2026-05-05 17:31:58,589 - INFO - Start reading data
2026-05-05 17:31:58,755 - INFO - Original shape: (50000, 8)
2026-05-05 17:31:58,839 - INFO - Cleaned shape: (50000, 8)
2026-05-05 17:31:58,839 - INFO - Connecting to database
2026-05-05 17:31:59,297 - INFO - Loading data into PostgreSQL
2026-05-05 17:31:59,545 - ERROR - Error: (psycopg2.OperationalError) connection to server at "localhost" (::1), port 5432 failed: FATAL:  password authentication failed for user "user"

(Background on this error at: https://sqlalche.me/e/20/e3q8)
2026-05-05 17:32:57,904 - INFO - Pipeline started
2026-05-05 17:32:57,905 - INFO - Start reading data
2026-05-05 17:32:58,008 - INFO - Original shape: (50000, 8)
2026-05-05 17:32:58,035 - INFO - Cleaned shape: (50000, 8)
2026-05-05 17:32:58,035 - INFO - Connecting to database
2026-05-05 17:32:58,107 - INFO - Loading data into PostgreSQL
2026-05-05 17:32:58,161 - ERROR - Error: (psycopg2.OperationalError) connection to server at "localhost" (::1), port 5432 failed: FATAL:  password authentication failed for user "user"

(Background on this error at: https://sqlalche.me/e/20/e3q8)
2026-05-05 17:42:50,901 - INFO - Pipeline started
2026-05-05 17:42:50,908 - INFO - Start reading data
2026-05-05 17:42:51,187 - INFO - Original shape: (50000, 8)
2026-05-05 17:42:51,238 - INFO - Cleaned shape: (50000, 8)
2026-05-05 17:42:51,239 - INFO - Connecting to database
2026-05-05 17:42:51,346 - INFO - Loading data into PostgreSQL
2026-05-05 17:42:54,357 - INFO - Data loaded successfully
2026-05-05 17:42:54,360 - ERROR - Error: (psycopg2.errors.UndefinedTable) relation "netflix" does not exist
LINE 1: SELECT COUNT(*) FROM netflix
                             ^

[SQL: SELECT COUNT(*) FROM netflix]
(Background on this error at: https://sqlalche.me/e/20/f405)
2026-05-05 17:43:30,836 - INFO - Pipeline started
2026-05-05 17:43:30,836 - INFO - Start reading data
2026-05-05 17:43:30,912 - INFO - Original shape: (50000, 8)
2026-05-05 17:43:30,932 - INFO - Cleaned shape: (50000, 8)
2026-05-05 17:43:30,932 - INFO - Connecting to database
2026-05-05 17:43:30,988 - INFO - Loading data into PostgreSQL
2026-05-05 17:43:34,039 - INFO - Data loaded successfully
2026-05-05 17:43:34,039 - INFO - Pipeline finished successfully
2026-05-05 17:53:41,869 - INFO - Pipeline started
2026-05-05 17:53:41,875 - INFO - Start reading data
2026-05-05 17:53:41,991 - INFO - Original shape: (50000, 8)
2026-05-05 17:53:42,038 - INFO - the sum of null value Student_ID              0
Age                     0
Gender                  0
Semester                0
Program                 0
Attendance_Rate         0
Exam_Score              0
Study_Hours_Per_Week    0
dtype: int64
2026-05-05 17:53:42,174 - INFO - Cleaned shape: (50000, 8)
2026-05-05 17:53:42,174 - INFO - Connecting to database
2026-05-05 17:53:42,285 - INFO - Loading data into PostgreSQL
2026-05-05 17:53:45,334 - INFO - Data loaded successfully
2026-05-05 17:53:45,335 - INFO - Pipeline finished successfully
2026-05-05 18:04:49,202 - INFO - Pipeline started
2026-05-05 18:04:49,203 - INFO - Start reading data
2026-05-05 18:04:49,320 - INFO - Original shape: (55000, 8)
2026-05-05 18:04:49,348 - INFO - the sum of null value 
Student_ID              8250
Age                     8250
Gender                  8250
Semester                8250
Program                 8250
Attendance_Rate         8250
Exam_Score              8250
Study_Hours_Per_Week    8250
dtype: int64
2026-05-05 18:04:49,451 - INFO - Cleaned shape: (20022, 8)
2026-05-05 18:04:49,451 - INFO - Connecting to database
2026-05-05 18:04:49,542 - INFO - Loading data into PostgreSQL
2026-05-05 18:04:51,073 - INFO - Data loaded successfully
2026-05-05 18:04:51,073 - INFO - Pipeline finished successfully
2026-05-05 18:06:37,160 - INFO - Pipeline started
2026-05-05 18:06:37,160 - INFO - Start reading data
2026-05-05 18:06:37,264 - INFO - Original shape: (55000, 8)
2026-05-05 18:06:37,279 - INFO - the sum of null value 
Student_ID              8250
Age                     8250
Gender                  8250
Semester                8250
Program                 8250
Attendance_Rate         8250
Exam_Score              8250
Study_Hours_Per_Week    8250
dtype: int64
2026-05-05 18:06:37,318 - INFO - the sum of duplication row is 0        False
1        False
2        False
3        False
4        False
         ...  
54995    False
54996    False
54997    False
54998    False
54999    False
Length: 55000, dtype: bool
2026-05-05 18:06:37,375 - INFO - Cleaned shape: (20022, 8)
2026-05-05 18:06:37,375 - INFO - Connecting to database
2026-05-05 18:06:37,443 - INFO - Loading data into PostgreSQL
2026-05-05 18:06:38,880 - INFO - Data loaded successfully
2026-05-05 18:06:38,880 - INFO - Pipeline finished successfully
2026-05-05 18:07:10,885 - INFO - Pipeline started
2026-05-05 18:07:10,885 - INFO - Start reading data
2026-05-05 18:07:11,000 - INFO - Original shape: (55000, 8)
2026-05-05 18:07:11,012 - INFO - the sum of null value 
Student_ID              8250
Age                     8250
Gender                  8250
Semester                8250
Program                 8250
Attendance_Rate         8250
Exam_Score              8250
Study_Hours_Per_Week    8250
dtype: int64
2026-05-05 18:07:11,040 - INFO - the sum of duplication row is 868
2026-05-05 18:07:11,116 - INFO - Cleaned shape: (20022, 8)
2026-05-05 18:07:11,116 - INFO - Connecting to database
2026-05-05 18:07:11,196 - INFO - Loading data into PostgreSQL
2026-05-05 18:07:12,521 - INFO - Data loaded successfully
2026-05-05 18:07:12,521 - INFO - Pipeline finished successfully
2026-05-05 18:34:58,579 - INFO - Pipeline started
2026-05-05 18:34:58,584 - INFO - Start reading data
2026-05-05 18:34:58,681 - INFO - Starting cleanning
2026-05-05 18:34:58,681 - INFO - Original shape: (55000, 8)
2026-05-05 18:34:58,685 - INFO - the sum of null value 
Student_ID              8250
Age                     8250
Gender                  8250
Semester                8250
Program                 8250
Attendance_Rate         8250
Exam_Score              8250
Study_Hours_Per_Week    8250
dtype: int64
2026-05-05 18:34:58,721 - INFO - the sum of duplication row is 868
2026-05-05 18:34:58,811 - INFO - Cleaned shape: (20022, 8)
2026-05-05 18:34:58,811 - INFO - Connecting to database
2026-05-05 18:34:58,922 - INFO - Loading data into PostgreSQL
2026-05-05 18:35:00,300 - INFO - Data loaded successfully
2026-05-05 18:35:00,300 - INFO - Pipeline finished successfully
2026-05-05 18:40:00,072 - INFO - Pipeline started
2026-05-05 18:40:00,072 - INFO - Start reading data
2026-05-05 18:40:00,157 - INFO - Starting cleanning
2026-05-05 18:40:00,157 - INFO - Original shape: (55000, 8)
2026-05-05 18:40:00,162 - INFO - the sum of null value 
Student_ID              8250
Age                     8250
Gender                  8250
Semester                8250
Program                 8250
Attendance_Rate         8250
Exam_Score              8250
Study_Hours_Per_Week    8250
dtype: int64
2026-05-05 18:40:00,188 - INFO - the sum of duplication row is 868
2026-05-05 18:40:00,261 - INFO - Cleaned shape: (20022, 8)
2026-05-05 18:40:00,261 - INFO - Connecting to database
2026-05-05 18:40:00,479 - INFO - Loading data into PostgreSQL
2026-05-05 18:40:01,683 - INFO - Data loaded successfully
2026-05-05 18:40:01,686 - INFO - Row Count in Database: 20022
2026-05-05 18:40:01,687 - INFO - Pipeline finished successfully
2026-05-05 19:18:39,268 - INFO - Pipeline started
2026-05-05 19:18:39,366 - INFO - Start reading data
2026-05-05 19:18:39,516 - INFO - Starting cleanning
2026-05-05 19:18:39,516 - INFO - Original shape: (55000, 10)
2026-05-05 19:18:39,526 - INFO - the sum of null value 
Student_ID               8250
Age                      8250
Gender                   8250
Semester                 8250
Program                  8250
Exam_Score               8250
Study_Hours_Per_Week     8250
session_id                  0
status                  21215
session_date                0
dtype: int64
2026-05-05 19:18:39,562 - INFO - the sum of duplication row is 0
2026-05-05 19:18:39,645 - INFO - Cleaned shape: (20808, 10)
2026-05-05 19:18:39,645 - INFO - Connecting to database
2026-05-05 19:18:39,709 - INFO - Loading data into PostgreSQL
2026-05-05 19:18:41,134 - INFO - Data loaded successfully
2026-05-05 19:18:41,139 - INFO - Row Count in Database: 20808
2026-05-05 19:18:41,139 - INFO - Pipeline finished successfully
2026-05-05 19:40:18,518 - INFO - Pipeline started
2026-05-05 19:40:18,518 - INFO - Start reading data
2026-05-05 19:40:18,913 - INFO - Starting cleanning
2026-05-05 19:40:18,913 - INFO - Original shape: (164685, 12)
2026-05-05 19:40:18,921 - INFO - the sum of null value 
Student_ID              24713
Age                     24733
Gender                  24728
Program                 24733
Semester                24624
Exam_Score              24624
Study_Hours_Per_Week    24646
session_id                  0
session_date                0
session_program             0
session_semester            0
status                  51574
dtype: int64
2026-05-05 19:40:19,037 - INFO - the sum of duplication row is 49
2026-05-05 19:40:19,200 - INFO - Cleaned shape: (59476, 12)
2026-05-05 19:40:19,200 - INFO - Connecting to database
2026-05-05 19:40:19,268 - INFO - Loading data into PostgreSQL
2026-05-05 19:40:23,408 - INFO - Data loaded successfully
2026-05-05 19:40:23,408 - INFO - Pipeline finished successfully
2026-05-05 21:18:26,236 - INFO - Pipeline started
2026-05-05 21:18:26,237 - INFO - Start reading data
2026-05-05 21:18:26,755 - INFO - Starting cleanning
2026-05-05 21:18:26,755 - INFO - Original shape: (164685, 12)
2026-05-05 21:18:26,772 - INFO - the sum of null value 
Student_ID              24713
Age                     24733
Gender                  24728
Program                 24733
Semester                24624
Exam_Score              24624
Study_Hours_Per_Week    24646
session_id                  0
session_date                0
session_program             0
session_semester            0
status                  51574
dtype: int64
2026-05-05 21:18:26,896 - INFO - the sum of duplication row is 49
2026-05-05 21:18:27,113 - INFO - Cleaned shape: (59476, 12)
2026-05-05 21:18:27,113 - INFO - Connecting to database
2026-05-05 21:18:27,264 - INFO - Loading data into PostgreSQL
2026-05-05 21:18:32,011 - INFO - Data loaded successfully
2026-05-05 21:18:32,011 - INFO - Pipeline finished successfully
2026-05-05 21:23:59,150 - INFO - Pipeline started
2026-05-05 21:23:59,152 - INFO - Start reading data
2026-05-05 21:23:59,781 - INFO - Starting cleanning
2026-05-05 21:23:59,781 - INFO - Original shape: (164685, 12)
2026-05-05 21:23:59,801 - INFO - the sum of null value 
Student_ID              24713
Age                     24733
Gender                  24728
Program                 24733
Semester                24624
Exam_Score              24624
Study_Hours_Per_Week    24646
session_id                  0
session_date                0
session_program             0
session_semester            0
status                  51574
dtype: int64
2026-05-05 21:23:59,969 - INFO - the sum of duplication row is 49
2026-05-05 21:24:00,251 - INFO - the sum of duplication row is 0
2026-05-05 21:24:00,263 - INFO - Cleaned shape: (59476, 12)
2026-05-05 21:24:00,263 - INFO - Connecting to database
2026-05-05 21:24:00,360 - INFO - Loading data into PostgreSQL
2026-05-05 21:24:05,718 - INFO - Data loaded successfully
2026-05-05 21:24:05,719 - INFO - Pipeline finished successfully
2026-05-05 21:24:23,983 - INFO - Pipeline started
2026-05-05 21:24:23,983 - INFO - Start reading data
2026-05-05 21:24:24,380 - INFO - Starting cleanning
2026-05-05 21:24:24,380 - INFO - Original shape: (164685, 12)
2026-05-05 21:24:24,389 - INFO - the sum of null value 
Student_ID              24713
Age                     24733
Gender                  24728
Program                 24733
Semester                24624
Exam_Score              24624
Study_Hours_Per_Week    24646
session_id                  0
session_date                0
session_program             0
session_semester            0
status                  51574
dtype: int64
2026-05-05 21:24:24,487 - INFO - the sum of duplication row is 49
2026-05-05 21:24:24,674 - INFO - the sum of null value 
Student_ID              0
Age                     0
Gender                  0
Program                 0
Semester                0
Exam_Score              0
Study_Hours_Per_Week    0
session_id              0
session_date            0
session_program         0
session_semester        0
status                  0
dtype: int64
2026-05-05 21:24:24,705 - INFO - the sum of duplication row is 0
2026-05-05 21:24:24,708 - INFO - Cleaned shape: (59476, 12)
2026-05-05 21:24:24,708 - INFO - Connecting to database
2026-05-05 21:24:24,780 - INFO - Loading data into PostgreSQL
2026-05-05 21:24:29,771 - INFO - Data loaded successfully
2026-05-05 21:24:29,771 - INFO - Pipeline finished successfully
2026-05-05 21:26:40,914 - INFO - Pipeline started
2026-05-05 21:26:40,914 - INFO - Start reading data
2026-05-05 21:26:41,321 - INFO - Starting cleanning
2026-05-05 21:26:41,321 - INFO - Original shape: (164685, 12)
2026-05-05 21:26:41,329 - INFO - the sum of null value 
Student_ID              24713
Age                     24733
Gender                  24728
Program                 24733
Semester                24624
Exam_Score              24624
Study_Hours_Per_Week    24646
session_id                  0
session_date                0
session_program             0
session_semester            0
status                  51574
dtype: int64
2026-05-05 21:26:41,441 - INFO - the sum of duplication row is 49
2026-05-05 21:26:41,639 - INFO - the sum of null value 
Student_ID              0
Age                     0
Gender                  0
Program                 0
Semester                0
Exam_Score              0
Study_Hours_Per_Week    0
session_id              0
session_date            0
session_program         0
session_semester        0
status                  0
dtype: int64
2026-05-05 21:26:41,668 - INFO - the sum of duplication row is 0
2026-05-05 21:26:41,671 - INFO - Cleaned shape: (59476, 12)
2026-05-05 21:26:41,671 - INFO - Connecting to database
2026-05-05 21:26:41,746 - INFO - Loading data into PostgreSQL
2026-05-05 21:26:47,199 - INFO - Data loaded successfully
2026-05-05 21:26:47,199 - INFO - Pipeline finished successfully
2026-05-05 21:27:46,946 - INFO - Pipeline started
2026-05-05 21:27:46,946 - INFO - Start reading data
2026-05-05 21:27:47,349 - INFO - Starting cleanning
2026-05-05 21:27:47,350 - INFO - Original shape: (164685, 12)
2026-05-05 21:27:47,361 - INFO - the sum of null value 
Student_ID              24713
Age                     24733
Gender                  24728
Program                 24733
Semester                24624
Exam_Score              24624
Study_Hours_Per_Week    24646
session_id                  0
session_date                0
session_program             0
session_semester            0
status                  51574
dtype: int64
2026-05-05 21:27:47,501 - INFO - the sum of duplication row is 49
2026-05-05 21:27:47,717 - INFO - the sum of null value 
Student_ID              0
Age                     0
Gender                  0
Program                 0
Semester                0
Exam_Score              0
Study_Hours_Per_Week    0
session_id              0
session_date            0
session_program         0
session_semester        0
status                  0
dtype: int64
2026-05-05 21:27:47,752 - INFO - the sum of duplication row is 0
2026-05-05 21:27:48,288 - INFO - Cleaned shape: (59476, 12)
2026-05-05 21:27:48,288 - INFO - Connecting to database
2026-05-05 21:27:48,354 - INFO - Loading data into PostgreSQL
2026-05-05 21:27:52,875 - INFO - Data loaded successfully
2026-05-05 21:27:52,875 - INFO - Pipeline finished successfully
2026-05-05 22:04:09,574 - INFO - Pipeline started
2026-05-05 22:04:09,582 - INFO - Start reading data
2026-05-05 22:04:10,234 - INFO - Starting cleanning
2026-05-05 22:04:10,234 - INFO - Original shape: (164685, 12)
2026-05-05 22:04:10,246 - INFO - the sum of null value 
Student_ID              24713
Age                     24733
Gender                  24728
Program                 24733
Semester                24624
Exam_Score              24624
Study_Hours_Per_Week    24646
session_id                  0
session_date                0
session_program             0
session_semester            0
status                  51574
dtype: int64
2026-05-05 22:04:10,370 - INFO - the sum of duplication row is 49
2026-05-05 22:04:10,610 - INFO - the sum of null value 
Student_ID              0
Age                     0
Gender                  0
Program                 0
Semester                0
Exam_Score              0
Study_Hours_Per_Week    0
session_id              0
session_date            0
session_program         0
session_semester        0
status                  0
dtype: int64
2026-05-05 22:04:10,660 - INFO - the sum of duplication row is 0
2026-05-05 22:04:11,082 - INFO - Cleaned shape: (59476, 12)
2026-05-05 22:04:11,082 - INFO - Connecting to database
2026-05-05 22:04:11,198 - INFO - Loading data into PostgreSQL
2026-05-05 22:04:16,130 - INFO - Data loaded successfully
2026-05-05 22:04:16,130 - INFO - Pipeline finished successfully
